[==========] Running 5 tests from 1 test suite.
[----------] Global test environment set-up.
[----------] 5 tests from ClientTransportTest
[ RUN      ] ClientTransportTest.AddOneStream
Stream 1 header send pipe = 0x560b14dc2968
Stream 1 message send pipe = 0x560b14dc2948
Stream 2 header send pipe = 0x560b14dc29c8
Stream 2 message send pipe = 0x560b14dc29a8
Receive server frame from stream 1
Receive message 8b push to pipe 0x560b14dc2948
Receive headers :path: /demo.Service/Step, GrpcStatusFromWire: true push to pipe 0x560b14dc2968
Stream 1 receive headers 
Stream 1 receive message 
Receive trailers grpc-status: 0, GrpcStatusFromWire: true return 
Stream 1 receive trailers 
[       OK ] ClientTransportTest.AddOneStream (4 ms)
[ RUN      ] ClientTransportTest.AddOneStreamWithWriteFailed
Stream 1 header send pipe = 0x560b14dc2968
Stream 1 message send pipe = 0x560b14dc2948
Stream 2 header send pipe = 0x560b14dc29c8
Stream 2 message send pipe = 0x560b14dc29a8
Receive server frame from stream 1
Receive message 8b push to pipe 0x560b14dc2948
Receive headers :path: /demo.Service/Step, GrpcStatusFromWire: true push to pipe 0x560b14dc2968
Stream 1 receive headers 
Stream 1 receive message 
Receive trailers grpc-status: 0, GrpcStatusFromWire: true return 
Stream 1 receive trailers 
[       OK ] ClientTransportTest.AddOneStreamWithWriteFailed (0 ms)
[ RUN      ] ClientTransportTest.AddOneStreamMultipleMessages
Stream 1 header send pipe = 0x560b14dc2968
Stream 1 message send pipe = 0x560b14dc2948
Stream 2 header send pipe = 0x560b14dc29c8
Stream 2 message send pipe = 0x560b14dc29a8
Receive server frame from stream 1
Receive message 8b push to pipe 0x560b14dc2948
Receive headers :path: /demo.Service/Step, GrpcStatusFromWire: true push to pipe 0x560b14dc2968
Stream 1 receive headers 
Stream 1 receive message 
Receive trailers grpc-status: 0, GrpcStatusFromWire: true return 
Stream 1 receive trailers 
[       OK ] ClientTransportTest.AddOneStreamMultipleMessages (0 ms)
[ RUN      ] ClientTransportTest.AddMultipleStreams
Stream 1 header send pipe = 0x560b14dc2968
Stream 1 message send pipe = 0x560b14dc2948
Stream 2 header send pipe = 0x560b14dc29c8
Stream 2 message send pipe = 0x560b14dc29a8
Receive server frame from stream 1
Receive message 8b push to pipe 0x560b14dc29a8
Receive headers :path: /demo.Service/Step, GrpcStatusFromWire: true push to pipe 0x560b14dc29c8
Stream 2 receive headers 
Stream 2 receive message 
Receive trailers grpc-status: 0, GrpcStatusFromWire: true return 
unknown file: Failure

Unexpected mock function call - returning directly.
    Function call: Call(CANCELLED: )
Google Mock tried the following 1 expectation, but it didn't match:

/usr/local/google/home/ladynana/grpc/test/core/transport/chaotic_good/client_transport_test.cc:602: EXPECT_CALL(on_done, Call(absl::OkStatus()))...
  Expected arg #0: is equal to OK
           Actual: CANCELLED: 
         Expected: to be called once
           Actual: never called - unsatisfied and active

/usr/local/google/home/ladynana/grpc/test/core/transport/chaotic_good/client_transport_test.cc:602: Failure
Actual function call count doesn't match EXPECT_CALL(on_done, Call(absl::OkStatus()))...
         Expected: to be called once
           Actual: never called - unsatisfied and active

